[0.000000] (-) TimerEvent: {}
[0.000091] (frontier_explorer) JobQueued: {'identifier': 'frontier_explorer', 'dependencies': OrderedDict()}
[0.000381] (frontier_explorer) JobStarted: {'identifier': 'frontier_explorer'}
[0.099853] (-) TimerEvent: {}
[0.200140] (-) TimerEvent: {}
[0.300406] (-) TimerEvent: {}
[0.400616] (-) TimerEvent: {}
[0.500831] (-) TimerEvent: {}
[0.542566] (frontier_explorer) Command: {'cmd': ['/usr/bin/python3', '-W', 'ignore:setup.py install is deprecated', '-W', 'ignore:easy_install command is deprecated', 'setup.py', 'develop', '--editable', '--build-directory', '/workspaces/project/src/ros2_ws/build/frontier_explorer/build', '--no-deps', 'symlink_data'], 'cwd': '/workspaces/project/src/ros2_ws/build/frontier_explorer', 'env': {'HOSTNAME': '32bdd875b743', 'SHLVL': '1', 'LD_LIBRARY_PATH': '/opt/ros/humble/lib/x86_64-linux-gnu:/opt/ros/humble/lib', 'HOME': '/root', 'OLDPWD': '/workspaces/project/src/ros2_ws', 'PYTHONUNBUFFERED': '1', 'ROS_PYTHON_VERSION': '3', 'ROS_DISTRO': 'humble', '_': '/usr/bin/colcon', 'ROS_VERSION': '2', 'ROS_LOCALHOST_ONLY': '0', 'PATH': '/opt/ros/humble/bin:/usr/local/sbin:/usr/local/bin:/usr/sbin:/usr/bin:/sbin:/bin', 'LANG': 'C.UTF-8', 'AMENT_PREFIX_PATH': '/opt/ros/humble', 'DEBIAN_FRONTEND': 'noninteractive', 'AMENT_TRACE_SETUP_FILES': '', 'PWD': '/workspaces/project/src/ros2_ws/build/frontier_explorer', 'LC_ALL': 'C.UTF-8', 'PYTHONPATH': '/workspaces/project/src/ros2_ws/build/frontier_explorer/prefix_override:/usr/lib/python3/dist-packages/colcon_core/task/python/colcon_distutils_commands:/workspaces/project/src/ros2_ws/install/frontier_explorer/lib/python3.10/site-packages:/opt/ros/humble/lib/python3.10/site-packages:/opt/ros/humble/local/lib/python3.10/dist-packages', 'COLCON': '1'}, 'shell': False}
[0.600956] (-) TimerEvent: {}
[0.701198] (-) TimerEvent: {}
[0.742073] (frontier_explorer) StdoutLine: {'line': b'running develop\n'}
[0.801344] (-) TimerEvent: {}
[0.811922] (frontier_explorer) StdoutLine: {'line': b'running egg_info\n'}
[0.812381] (frontier_explorer) StdoutLine: {'line': b'creating frontier_explorer.egg-info\n'}
[0.812616] (frontier_explorer) StdoutLine: {'line': b'writing frontier_explorer.egg-info/PKG-INFO\n'}
[0.812694] (frontier_explorer) StdoutLine: {'line': b'writing dependency_links to frontier_explorer.egg-info/dependency_links.txt\n'}
[0.812781] (frontier_explorer) StdoutLine: {'line': b'writing entry points to frontier_explorer.egg-info/entry_points.txt\n'}
[0.812975] (frontier_explorer) StdoutLine: {'line': b'writing requirements to frontier_explorer.egg-info/requires.txt\n'}
[0.813046] (frontier_explorer) StdoutLine: {'line': b'writing top-level names to frontier_explorer.egg-info/top_level.txt\n'}
[0.813111] (frontier_explorer) StdoutLine: {'line': b"writing manifest file 'frontier_explorer.egg-info/SOURCES.txt'\n"}
[0.814711] (frontier_explorer) StdoutLine: {'line': b"reading manifest file 'frontier_explorer.egg-info/SOURCES.txt'\n"}
[0.815184] (frontier_explorer) StdoutLine: {'line': b"writing manifest file 'frontier_explorer.egg-info/SOURCES.txt'\n"}
[0.816444] (frontier_explorer) StdoutLine: {'line': b'running build_ext\n'}
[0.816595] (frontier_explorer) StdoutLine: {'line': b'Creating /workspaces/project/src/ros2_ws/install/frontier_explorer/lib/python3.10/site-packages/frontier-explorer.egg-link (link to .)\n'}
[0.817400] (frontier_explorer) StdoutLine: {'line': b'Installing frontier_explorer_node script to /workspaces/project/src/ros2_ws/install/frontier_explorer/lib/frontier_explorer\n'}
[0.817585] (frontier_explorer) StdoutLine: {'line': b'\n'}
[0.817631] (frontier_explorer) StdoutLine: {'line': b'Installed /workspaces/project/src/ros2_ws/build/frontier_explorer\n'}
[0.817768] (frontier_explorer) StdoutLine: {'line': b'running symlink_data\n'}
[0.817816] (frontier_explorer) StdoutLine: {'line': b'creating /workspaces/project/src/ros2_ws/install/frontier_explorer/share/ament_index\n'}
[0.817859] (frontier_explorer) StdoutLine: {'line': b'creating /workspaces/project/src/ros2_ws/install/frontier_explorer/share/ament_index/resource_index\n'}
[0.817998] (frontier_explorer) StdoutLine: {'line': b'creating /workspaces/project/src/ros2_ws/install/frontier_explorer/share/ament_index/resource_index/packages\n'}
[0.818039] (frontier_explorer) StdoutLine: {'line': b'symbolically linking /workspaces/project/src/ros2_ws/build/frontier_explorer/resource/frontier_explorer -> /workspaces/project/src/ros2_ws/install/frontier_explorer/share/ament_index/resource_index/packages\n'}
[0.818081] (frontier_explorer) StdoutLine: {'line': b'symbolically linking /workspaces/project/src/ros2_ws/build/frontier_explorer/package.xml -> /workspaces/project/src/ros2_ws/install/frontier_explorer/share/frontier_explorer\n'}
[0.818121] (frontier_explorer) StdoutLine: {'line': b'creating /workspaces/project/src/ros2_ws/install/frontier_explorer/share/frontier_explorer/launch\n'}
[0.818158] (frontier_explorer) StdoutLine: {'line': b'symbolically linking /workspaces/project/src/ros2_ws/build/frontier_explorer/launch/frontier_explorer.launch.py -> /workspaces/project/src/ros2_ws/install/frontier_explorer/share/frontier_explorer/launch\n'}
[0.849470] (frontier_explorer) CommandEnded: {'returncode': 0}
[0.858573] (frontier_explorer) JobEnded: {'identifier': 'frontier_explorer', 'rc': 0}
[0.859028] (-) EventReactorShutdown: {}
