[0.543s] Invoking command in '/workspaces/project/src/ros2_ws/build/frontier_explorer': PYTHONPATH=/workspaces/project/src/ros2_ws/build/frontier_explorer/prefix_override:/usr/lib/python3/dist-packages/colcon_core/task/python/colcon_distutils_commands:/workspaces/project/src/ros2_ws/install/frontier_explorer/lib/python3.10/site-packages:${PYTHONPATH} /usr/bin/python3 -W ignore:setup.py install is deprecated -W ignore:easy_install command is deprecated setup.py develop --editable --build-directory /workspaces/project/src/ros2_ws/build/frontier_explorer/build --no-deps symlink_data
[0.742s] running develop
[0.812s] running egg_info
[0.812s] creating frontier_explorer.egg-info
[0.812s] writing frontier_explorer.egg-info/PKG-INFO
[0.812s] writing dependency_links to frontier_explorer.egg-info/dependency_links.txt
[0.813s] writing entry points to frontier_explorer.egg-info/entry_points.txt
[0.813s] writing requirements to frontier_explorer.egg-info/requires.txt
[0.813s] writing top-level names to frontier_explorer.egg-info/top_level.txt
[0.813s] writing manifest file 'frontier_explorer.egg-info/SOURCES.txt'
[0.814s] reading manifest file 'frontier_explorer.egg-info/SOURCES.txt'
[0.815s] writing manifest file 'frontier_explorer.egg-info/SOURCES.txt'
[0.816s] running build_ext
[0.816s] Creating /workspaces/project/src/ros2_ws/install/frontier_explorer/lib/python3.10/site-packages/frontier-explorer.egg-link (link to .)
[0.817s] Installing frontier_explorer_node script to /workspaces/project/src/ros2_ws/install/frontier_explorer/lib/frontier_explorer
[0.817s] 
[0.817s] Installed /workspaces/project/src/ros2_ws/build/frontier_explorer
[0.817s] running symlink_data
[0.817s] creating /workspaces/project/src/ros2_ws/install/frontier_explorer/share/ament_index
[0.818s] creating /workspaces/project/src/ros2_ws/install/frontier_explorer/share/ament_index/resource_index
[0.818s] creating /workspaces/project/src/ros2_ws/install/frontier_explorer/share/ament_index/resource_index/packages
[0.818s] symbolically linking /workspaces/project/src/ros2_ws/build/frontier_explorer/resource/frontier_explorer -> /workspaces/project/src/ros2_ws/install/frontier_explorer/share/ament_index/resource_index/packages
[0.818s] symbolically linking /workspaces/project/src/ros2_ws/build/frontier_explorer/package.xml -> /workspaces/project/src/ros2_ws/install/frontier_explorer/share/frontier_explorer
[0.818s] creating /workspaces/project/src/ros2_ws/install/frontier_explorer/share/frontier_explorer/launch
[0.818s] symbolically linking /workspaces/project/src/ros2_ws/build/frontier_explorer/launch/frontier_explorer.launch.py -> /workspaces/project/src/ros2_ws/install/frontier_explorer/share/frontier_explorer/launch
[0.850s] Invoked command in '/workspaces/project/src/ros2_ws/build/frontier_explorer' returned '0': PYTHONPATH=/workspaces/project/src/ros2_ws/build/frontier_explorer/prefix_override:/usr/lib/python3/dist-packages/colcon_core/task/python/colcon_distutils_commands:/workspaces/project/src/ros2_ws/install/frontier_explorer/lib/python3.10/site-packages:${PYTHONPATH} /usr/bin/python3 -W ignore:setup.py install is deprecated -W ignore:easy_install command is deprecated setup.py develop --editable --build-directory /workspaces/project/src/ros2_ws/build/frontier_explorer/build --no-deps symlink_data
